C_CHAT = 64570
C_CHECK_VERSION = 19900
C_GET_USER_GUILD_LOGO = 52365
C_GET_USER_LIST = 43244
C_LOAD_TOPO_FIN = 38294
C_LOGIN_ARBITER = 56022
C_PLAYER_LOCATION = 61963
C_SECOND_PASSWORD_AUTH = 53313
C_SELECT_USER = 56573
C_SET_VISIBLE_RANGE = 27526
S_ABNORMALITY_BEGIN = 24071
S_ABNORMALITY_END = 45488
S_ABNORMALITY_REFRESH = 59326
S_ACTION_END = 51783
S_ACTION_STAGE = 32293
S_AVAILABLE_EVENT_MATCHING_LIST = 64276
S_AVAILABLE_SOCIAL_LIST = 29727
S_BAN_PARTY = 30607
S_BAN_PARTY_MEMBER = 53549
S_BOSS_GAGE_INFO = 40499
S_CHAT = 29319
S_CHECK_VERSION = 19901
S_CREATURE_CHANGE_HP = 40373
S_CREATURE_LIFE = 24522
S_CREATURE_ROTATE = 52966
S_CREST_INFO = 47582
S_CREST_MESSAGE = 47863
S_CURRENT_CHANNEL = 53244
S_DESPAWN_NPC = 57246
S_DESPAWN_USER = 30199
S_EACH_SKILL_RESULT = 51469
S_GET_USER_GUILD_LOGO = 30996
S_GET_USER_LIST = 34039
S_GUILD_MEMBER_LIST = 61068
S_INSTANT_DASH = 26264
S_INSTANT_MOVE = 64382
S_INVEN_USERDATA = 51073
S_ITEMLIST = 43701
S_LOADING_SCREEN_CONTROL_INFO = 40729
S_LOAD_CLIENT_ACCOUNT_SETTING = 36197
S_LEAVE_PARTY = 20289
S_LEAVE_PARTY_MEMBER = 54684
S_LOAD_TOPO = 59050
S_LOGIN = 36007
S_LOGIN_ACCOUNT_INFO = 65123
S_LOGIN_ARBITER = 35413
S_NPC_LOCATION = 49472
S_NPC_OCCUPIER_INFO = 31546
S_NPC_STATUS = 63099
S_OTHER_USER_APPLY_PARTY = 42269
S_PARTY_MEMBER_CHANGE_HP = 29823
S_PARTY_MEMBER_LIST = 46894
S_PARTY_MEMBER_STAT_UPDATE = 53499
S_PLAYER_CHANGE_MP = 46751
S_PLAYER_STAT_UPDATE = 55352
S_PRIVATE_CHAT = 53770
S_QUEST_BALLOON = 47512
S_REMAIN_PLAY_TIME = 20126
S_REQUEST_CONTRACT = 36657
S_REQUEST_SECOND_PASSWORD_AUTH = 46694
S_REQUEST_SERVANT_INFO_LIST = 54921
S_SECOND_PASSWORD_AUTH_RESULT = 26850
S_RETURN_TO_LOBBY = 64497
S_SELECT_USER = 52296
S_SKILL_CATEGORY = 28251
S_SKILL_LIST = 36211
S_SPAWN_ME = 27197
S_SPAWN_NPC = 28401
S_SPAWN_PROJECTILE = 33214
S_SPAWN_USER = 48457
S_START_COOLTIME_SKILL = 40089
S_START_USER_PROJECTILE = 38600
S_SYSTEM_MESSAGE = 28917
S_UPDATE_CONTENTS_ON_OFF = 61263
S_UPDATE_FRIEND_INFO = 36461
S_UPDATE_NPCGUILD = 20805
S_USER_LOCATION = 22801
S_USER_STATUS = 37293
S_WEAK_POINT = 37642
S_WHISPER = 23329