C_CHECK_VERSION = 19900
C_LOGIN_ARBITER = 23763
C_PLAYER_LOCATION = 45524
S_ABNORMALITY_BEGIN = 53197
S_ABNORMALITY_END = 53194
S_ABNORMALITY_REFRESH = 39214
S_ACTION_END = 47783
S_ACTION_STAGE = 39538
S_BOSS_GAGE_INFO = 52607
S_CHAT = 61795
S_CREATURE_CHANGE_HP = 60947
S_CREATURE_LIFE = 35025
S_CREATURE_ROTATE = 40338
S_CREST_INFO = 22035
S_CREST_MESSAGE = 38285
S_DESPAWN_NPC = 28617
S_DESPAWN_USER = 50674
S_EACH_SKILL_RESULT = 53010
S_GET_USER_GUILD_LOGO = 25110
S_GET_USER_LIST = 62269
S_INSTANT_DASH = 57595
S_INSTANT_MOVE = 49734
S_LEAVE_PARTY = 53691
S_LEAVE_PARTY_MEMBER = 47735
S_LOAD_TOPO = 35364
S_LOGIN = 56054
S_LOGIN_ACCOUNT_INFO = 36423
S_LOGIN_ARBITER = 64852
S_NPC_LOCATION = 27879
S_NPC_OCCUPIER_INFO = 30781
S_NPC_STATUS = 45796
S_PARTY_MEMBER_CHANGE_HP = 51757
S_PARTY_MEMBER_LIST = 29126
S_PARTY_MEMBER_STAT_UPDATE = 64796
S_PLAYER_CHANGE_MP = 33094
S_PLAYER_STAT_UPDATE = 29910
S_PRIVATE_CHAT = 48842
S_REQUEST_CONTRACT = 28110
S_RETURN_TO_LOBBY = 54500
S_SPAWN_ME = 64062
S_SPAWN_NPC = 39211
S_SPAWN_PROJECTILE = 50147
S_SPAWN_USER = 24296
S_START_COOLTIME_SKILL = 53600
S_START_USER_PROJECTILE = 57546
S_SYSTEM_MESSAGE = 38823
S_USER_LOCATION = 32579
S_USER_STATUS = 55827
S_WEAK_POINT = 44064
S_WHISPER = 33823