C_CHAT = 31651
C_CHECK_VERSION = 19900
C_GET_USER_GUILD_LOGO = 31412
C_GET_USER_LIST = 53556
C_LOAD_TOPO_FIN = 65127
C_LOGIN_ARBITER = 51602
C_PLAYER_LOCATION = 32990
C_SECOND_PASSWORD_AUTH = 52226
C_SELECT_USER = 59196
C_SET_VISIBLE_RANGE = 22661
C_WHISPER = 38609
S_ABNORMALITY_BEGIN = 30190
S_ABNORMALITY_END = 60547
S_ACTION_END = 37753
S_ACTION_STAGE = 54802
S_AVAILABLE_SOCIAL_LIST = 58585
S_BOSS_GAGE_INFO = 54112
S_CHAT = 61184
S_CHECK_VERSION = 19901
S_CREATURE_CHANGE_HP = 41219
S_CREATURE_ROTATE = 46701
S_CREST_INFO = 55942
S_CREST_MESSAGE = 51959
S_CURRENT_CHANNEL = 46659
S_DESPAWN_NPC = 59504
S_DUNGEON_EVENT_MESSAGE = 37693
S_EACH_SKILL_RESULT = 60168
S_GET_USER_GUILD_LOGO = 38812
S_GET_USER_LIST = 31822
S_GUILD_MEMBER_LIST = 29842
S_INSTANT_DASH = 26338
S_INSTANT_MOVE = 35277
S_INVEN_USERDATA = 37376
S_ITEMLIST = 57167
S_LOADING_SCREEN_CONTROL_INFO = 37571
S_LOAD_CLIENT_ACCOUNT_SETTING = 46350
S_LOAD_TOPO = 37550
S_LOGIN = 34459
S_LOGIN_ACCOUNT_INFO = 51957
S_LOGIN_ARBITER = 53450
S_NPC_OCCUPIER_INFO = 55225
S_NPC_STATUS = 37885
S_PLAYER_CHANGE_MP = 47106
S_QUEST_BALLOON = 62092
S_REMAIN_PLAY_TIME = 28567
S_REQUEST_SECOND_PASSWORD_AUTH = 50123
S_REQUEST_SERVANT_INFO_LIST = 46334
S_SECOND_PASSWORD_AUTH_RESULT = 23590
S_SELECT_USER = 59366
S_SKILL_CATEGORY = 53790
S_SKILL_LIST = 53961
S_SPAWN_ME = 31646
S_SPAWN_NPC = 33098
S_SPAWN_PROJECTILE = 35029
S_START_COOLTIME_SKILL = 49912
S_SYSTEM_MESSAGE = 43201
S_UPDATE_CONTENTS_ON_OFF = 65469
S_UPDATE_FRIEND_INFO = 59755
S_WEAK_POINT = 58622
S_WHISPER = 48007